// Jest Snapshot v1, https://goo.gl/fbAQLP

exports[`wrapper BeatmapCard has the expected HTML structure 1`] = `
"<div class=\\"beatmap-card\\">
  <h1 class=\\"beatmap-title\\">Fur Elise</h1>
  <h4 class=\\"beatmap-artist\\">Beethoven</h4>
  <div class=\\"audio-player\\"></div>
</div>"
`;
